=============================================================
BACKEND — JUnit 5 + Mockito (Spring Boot)
=============================================================
[INFO] Scanning for projects...
[INFO] 
[INFO] -----------< com.hoangkhoi:springboot-book-generate-images >------------
[INFO] Building springboot-book-generate-images 0.0.1-SNAPSHOT
[INFO]   from pom.xml
[INFO] --------------------------------[ jar ]---------------------------------
[INFO] 
[INFO] --- resources:3.3.1:resources (default-resources) @ springboot-book-generate-images ---
[INFO] Copying 2 resources from src\main\resources to target\classes
[INFO] Copying 0 resource from src\main\resources to target\classes
[INFO] 
[INFO] --- compiler:3.14.0:compile (default-compile) @ springboot-book-generate-images ---
[INFO] Nothing to compile - all classes are up to date.
[INFO] 
[INFO] --- resources:3.3.1:testResources (default-testResources) @ springboot-book-generate-images ---
[INFO] skip non existing resourceDirectory D:\5_Programming_languages\16_Gradnfq\Project_Book_Generate_Images\springboot-book-generate-images\src\test\resources
[INFO] 
[INFO] --- compiler:3.14.0:testCompile (default-testCompile) @ springboot-book-generate-images ---
[INFO] Nothing to compile - all classes are up to date.
[INFO] 
[INFO] --- surefire:3.5.3:test (default-test) @ springboot-book-generate-images ---
[INFO] Using auto detected provider org.apache.maven.surefire.junitplatform.JUnitPlatformProvider
[INFO] 
[INFO] -------------------------------------------------------
[INFO]  T E S T S
[INFO] -------------------------------------------------------
[INFO] Running com.hoangkhoi.springboot_book_generate_images.controller.PipelineControllerTest
06:16:11.118 [main] INFO org.springframework.test.context.support.AnnotationConfigContextLoaderUtils -- Could not detect default configuration classes for test class [com.hoangkhoi.springboot_book_generate_images.controller.PipelineControllerTest]: PipelineControllerTest does not declare any static, non-private, non-final, nested classes annotated with @Configuration.
06:16:11.287 [main] INFO org.springframework.boot.test.context.SpringBootTestContextBootstrapper -- Found @SpringBootConfiguration com.hoangkhoi.springboot_book_generate_images.SpringbootBookGenerateImagesApplication for test class com.hoangkhoi.springboot_book_generate_images.controller.PipelineControllerTest

  .   ____          _            __ _ _
 /\\ / ___'_ __ _ _(_)_ __  __ _ \ \ \ \
( ( )\___ | '_ | '_| | '_ \/ _` | \ \ \ \
 \\/  ___)| |_)| | | | | || (_| |  ) ) ) )
  '  |____| .__|_| |_|_| |_\__, | / / / /
 =========|_|==============|___/=/_/_/_/

 :: Spring Boot ::                (v3.5.5)

2026-08-18T06:16:11.673+07:00  INFO 22036 --- [springboot-book-generate-images] [           main] c.h.s.controller.PipelineControllerTest  : Starting PipelineControllerTest using Java 21.0.1 with PID 22036 (started by KHOI NGUYEN HOANG in D:\5_Programming_languages\16_Gradnfq\Project_Book_Generate_Images\springboot-book-generate-images)
2026-08-18T06:16:11.674+07:00  INFO 22036 --- [springboot-book-generate-images] [           main] c.h.s.controller.PipelineControllerTest  : No active profile set, falling back to 1 default profile: "default"
Mockito is currently self-attaching to enable the inline-mock-maker. This will no longer work in future releases of the JDK. Please add Mockito as an agent to your build as described in Mockito's documentation: https://javadoc.io/doc/org.mockito/mockito-core/latest/org.mockito/org/mockito/Mockito.html#0.3
WARNING: A Java agent has been loaded dynamically (C:\Users\KHOI NGUYEN HOANG\.m2\repository\net\bytebuddy\byte-buddy-agent\1.17.7\byte-buddy-agent-1.17.7.jar)
WARNING: If a serviceability tool is in use, please run with -XX:+EnableDynamicAgentLoading to hide this warning
WARNING: If a serviceability tool is not in use, please run with -Djdk.instrument.traceUsage for more information
WARNING: Dynamic loading of agents will be disallowed by default in a future release
Java HotSpot(TM) 64-Bit Server VM warning: Sharing is only supported for boot loader classes because bootstrap classpath has been appended
2026-08-18T06:16:13.781+07:00  INFO 22036 --- [springboot-book-generate-images] [           main] o.s.b.t.m.w.SpringBootMockServletContext : Initializing Spring TestDispatcherServlet ''
2026-08-18T06:16:13.782+07:00  INFO 22036 --- [springboot-book-generate-images] [           main] o.s.t.web.servlet.TestDispatcherServlet  : Initializing Servlet ''
2026-08-18T06:16:13.785+07:00  INFO 22036 --- [springboot-book-generate-images] [           main] o.s.t.web.servlet.TestDispatcherServlet  : Completed initialization in 1 ms
2026-08-18T06:16:13.838+07:00  INFO 22036 --- [springboot-book-generate-images] [           main] c.h.s.controller.PipelineControllerTest  : Started PipelineControllerTest in 2.483 seconds (process running for 3.463)
2026-08-18T06:16:14.360+07:00  WARN 22036 --- [springboot-book-generate-images] [           main] .w.s.m.s.DefaultHandlerExceptionResolver : Resolved [org.springframework.web.method.annotation.MethodArgumentTypeMismatchException: Method parameter 'step': Failed to convert value of type 'java.lang.String' to required type 'com.hoangkhoi.springboot_book_generate_images.enums.Step'; Failed to convert from type [java.lang.String] to type [@org.springframework.web.bind.annotation.PathVariable com.hoangkhoi.springboot_book_generate_images.enums.Step] for value [DANCING]]
[INFO] Tests run: 10, Failures: 0, Errors: 0, Skipped: 0, Time elapsed: 3.550 s -- in com.hoangkhoi.springboot_book_generate_images.controller.PipelineControllerTest
[INFO] Running com.hoangkhoi.springboot_book_generate_images.controller.ProjectControllerTest
2026-08-18T06:16:14.531+07:00  INFO 22036 --- [springboot-book-generate-images] [           main] t.c.s.AnnotationConfigContextLoaderUtils : Could not detect default configuration classes for test class [com.hoangkhoi.springboot_book_generate_images.controller.ProjectControllerTest]: ProjectControllerTest does not declare any static, non-private, non-final, nested classes annotated with @Configuration.
2026-08-18T06:16:14.547+07:00  INFO 22036 --- [springboot-book-generate-images] [           main] .b.t.c.SpringBootTestContextBootstrapper : Found @SpringBootConfiguration com.hoangkhoi.springboot_book_generate_images.SpringbootBookGenerateImagesApplication for test class com.hoangkhoi.springboot_book_generate_images.controller.ProjectControllerTest

  .   ____          _            __ _ _
 /\\ / ___'_ __ _ _(_)_ __  __ _ \ \ \ \
( ( )\___ | '_ | '_| | '_ \/ _` | \ \ \ \
 \\/  ___)| |_)| | | | | || (_| |  ) ) ) )
  '  |____| .__|_| |_|_| |_\__, | / / / /
 =========|_|==============|___/=/_/_/_/

 :: Spring Boot ::                (v3.5.5)

2026-08-18T06:16:14.604+07:00  INFO 22036 --- [springboot-book-generate-images] [           main] c.h.s.controller.ProjectControllerTest   : Starting ProjectControllerTest using Java 21.0.1 with PID 22036 (started by KHOI NGUYEN HOANG in D:\5_Programming_languages\16_Gradnfq\Project_Book_Generate_Images\springboot-book-generate-images)
2026-08-18T06:16:14.604+07:00  INFO 22036 --- [springboot-book-generate-images] [           main] c.h.s.controller.ProjectControllerTest   : No active profile set, falling back to 1 default profile: "default"
2026-08-18T06:16:14.863+07:00  INFO 22036 --- [springboot-book-generate-images] [           main] o.s.b.t.m.w.SpringBootMockServletContext : Initializing Spring TestDispatcherServlet ''
2026-08-18T06:16:14.863+07:00  INFO 22036 --- [springboot-book-generate-images] [           main] o.s.t.web.servlet.TestDispatcherServlet  : Initializing Servlet ''
2026-08-18T06:16:14.863+07:00  INFO 22036 --- [springboot-book-generate-images] [           main] o.s.t.web.servlet.TestDispatcherServlet  : Completed initialization in 0 ms
2026-08-18T06:16:14.868+07:00  INFO 22036 --- [springboot-book-generate-images] [           main] c.h.s.controller.ProjectControllerTest   : Started ProjectControllerTest in 0.315 seconds (process running for 4.493)
2026-08-18T06:16:14.879+07:00  WARN 22036 --- [springboot-book-generate-images] [           main] c.h.s.e.handler.GlobalExceptionHandler   : Unexpected error: No project nope for user 06dc5a5a4d28e2a6
[INFO] Tests run: 14, Failures: 0, Errors: 0, Skipped: 0, Time elapsed: 0.601 s -- in com.hoangkhoi.springboot_book_generate_images.controller.ProjectControllerTest
[INFO] Running com.hoangkhoi.springboot_book_generate_images.controller.SessionControllerTest
2026-08-18T06:16:15.132+07:00  INFO 22036 --- [springboot-book-generate-images] [           main] t.c.s.AnnotationConfigContextLoaderUtils : Could not detect default configuration classes for test class [com.hoangkhoi.springboot_book_generate_images.controller.SessionControllerTest]: SessionControllerTest does not declare any static, non-private, non-final, nested classes annotated with @Configuration.
2026-08-18T06:16:15.143+07:00  INFO 22036 --- [springboot-book-generate-images] [           main] .b.t.c.SpringBootTestContextBootstrapper : Found @SpringBootConfiguration com.hoangkhoi.springboot_book_generate_images.SpringbootBookGenerateImagesApplication for test class com.hoangkhoi.springboot_book_generate_images.controller.SessionControllerTest

  .   ____          _            __ _ _
 /\\ / ___'_ __ _ _(_)_ __  __ _ \ \ \ \
( ( )\___ | '_ | '_| | '_ \/ _` | \ \ \ \
 \\/  ___)| |_)| | | | | || (_| |  ) ) ) )
  '  |____| .__|_| |_|_| |_\__, | / / / /
 =========|_|==============|___/=/_/_/_/

 :: Spring Boot ::                (v3.5.5)

2026-08-18T06:16:15.171+07:00  INFO 22036 --- [springboot-book-generate-images] [           main] c.h.s.controller.SessionControllerTest   : Starting SessionControllerTest using Java 21.0.1 with PID 22036 (started by KHOI NGUYEN HOANG in D:\5_Programming_languages\16_Gradnfq\Project_Book_Generate_Images\springboot-book-generate-images)
2026-08-18T06:16:15.171+07:00  INFO 22036 --- [springboot-book-generate-images] [           main] c.h.s.controller.SessionControllerTest   : No active profile set, falling back to 1 default profile: "default"
2026-08-18T06:16:15.356+07:00  INFO 22036 --- [springboot-book-generate-images] [           main] o.s.b.t.m.w.SpringBootMockServletContext : Initializing Spring TestDispatcherServlet ''
2026-08-18T06:16:15.356+07:00  INFO 22036 --- [springboot-book-generate-images] [           main] o.s.t.web.servlet.TestDispatcherServlet  : Initializing Servlet ''
2026-08-18T06:16:15.357+07:00  INFO 22036 --- [springboot-book-generate-images] [           main] o.s.t.web.servlet.TestDispatcherServlet  : Completed initialization in 1 ms
2026-08-18T06:16:15.362+07:00  INFO 22036 --- [springboot-book-generate-images] [           main] c.h.s.controller.SessionControllerTest   : Started SessionControllerTest in 0.215 seconds (process running for 4.987)
[INFO] Tests run: 5, Failures: 0, Errors: 0, Skipped: 0, Time elapsed: 0.398 s -- in com.hoangkhoi.springboot_book_generate_images.controller.SessionControllerTest
[INFO] Running com.hoangkhoi.springboot_book_generate_images.model.ProjectStateTest
[INFO] Tests run: 8, Failures: 0, Errors: 0, Skipped: 0, Time elapsed: 0.030 s -- in com.hoangkhoi.springboot_book_generate_images.model.ProjectStateTest
[INFO] Running com.hoangkhoi.springboot_book_generate_images.PipelineIntegrationTest
2026-08-18T06:16:15.583+07:00  INFO 22036 --- [springboot-book-generate-images] [           main] .b.t.c.SpringBootTestContextBootstrapper : Found @SpringBootConfiguration com.hoangkhoi.springboot_book_generate_images.SpringbootBookGenerateImagesApplication for test class com.hoangkhoi.springboot_book_generate_images.PipelineIntegrationTest

  .   ____          _            __ _ _
 /\\ / ___'_ __ _ _(_)_ __  __ _ \ \ \ \
( ( )\___ | '_ | '_| | '_ \/ _` | \ \ \ \
 \\/  ___)| |_)| | | | | || (_| |  ) ) ) )
  '  |____| .__|_| |_|_| |_\__, | / / / /
 =========|_|==============|___/=/_/_/_/

 :: Spring Boot ::                (v3.5.5)

2026-08-18T06:16:15.612+07:00  INFO 22036 --- [springboot-book-generate-images] [           main] c.h.s.PipelineIntegrationTest            : Starting PipelineIntegrationTest using Java 21.0.1 with PID 22036 (started by KHOI NGUYEN HOANG in D:\5_Programming_languages\16_Gradnfq\Project_Book_Generate_Images\springboot-book-generate-images)
2026-08-18T06:16:15.612+07:00  INFO 22036 --- [springboot-book-generate-images] [           main] c.h.s.PipelineIntegrationTest            : No active profile set, falling back to 1 default profile: "default"
2026-08-18T06:16:16.129+07:00  WARN 22036 --- [springboot-book-generate-images] [           main] c.h.s.service.impl.SimulateGeminiClient  : gemini.mode=simulate � no real Gemini calls. Text steps pause PT3S, images PT15S.
2026-08-18T06:16:16.447+07:00  INFO 22036 --- [springboot-book-generate-images] [           main] o.s.b.t.m.w.SpringBootMockServletContext : Initializing Spring TestDispatcherServlet ''
2026-08-18T06:16:16.448+07:00  INFO 22036 --- [springboot-book-generate-images] [           main] o.s.t.web.servlet.TestDispatcherServlet  : Initializing Servlet ''
2026-08-18T06:16:16.448+07:00  INFO 22036 --- [springboot-book-generate-images] [           main] o.s.t.web.servlet.TestDispatcherServlet  : Completed initialization in 0 ms
2026-08-18T06:16:16.453+07:00  INFO 22036 --- [springboot-book-generate-images] [           main] c.h.s.PipelineIntegrationTest            : Started PipelineIntegrationTest in 0.861 seconds (process running for 6.077)
[INFO] Tests run: 6, Failures: 0, Errors: 0, Skipped: 0, Time elapsed: 1.182 s -- in com.hoangkhoi.springboot_book_generate_images.PipelineIntegrationTest
[INFO] Running com.hoangkhoi.springboot_book_generate_images.repository.JsonStoreTest
[INFO] Tests run: 5, Failures: 0, Errors: 0, Skipped: 0, Time elapsed: 0.053 s -- in com.hoangkhoi.springboot_book_generate_images.repository.JsonStoreTest
[INFO] Running com.hoangkhoi.springboot_book_generate_images.repository.ProjectLocksTest
[INFO] Tests run: 3, Failures: 0, Errors: 0, Skipped: 0, Time elapsed: 0.006 s -- in com.hoangkhoi.springboot_book_generate_images.repository.ProjectLocksTest
[INFO] Running com.hoangkhoi.springboot_book_generate_images.repository.ProjectRepositoryTest
[INFO] Tests run: 15, Failures: 0, Errors: 0, Skipped: 0, Time elapsed: 0.584 s -- in com.hoangkhoi.springboot_book_generate_images.repository.ProjectRepositoryTest
[INFO] Running com.hoangkhoi.springboot_book_generate_images.service.impl.GeminiModeTest
[INFO] Running com.hoangkhoi.springboot_book_generate_images.service.impl.GeminiModeTest$SimulateMode
2026-08-18T06:16:17.396+07:00  INFO 22036 --- [springboot-book-generate-images] [           main] t.c.s.AnnotationConfigContextLoaderUtils : Could not detect default configuration classes for test class [com.hoangkhoi.springboot_book_generate_images.service.impl.GeminiModeTest$SimulateMode]: SimulateMode does not declare any static, non-private, non-final, nested classes annotated with @Configuration.
2026-08-18T06:16:17.409+07:00  INFO 22036 --- [springboot-book-generate-images] [           main] .b.t.c.SpringBootTestContextBootstrapper : Found @SpringBootConfiguration com.hoangkhoi.springboot_book_generate_images.SpringbootBookGenerateImagesApplication for test class com.hoangkhoi.springboot_book_generate_images.service.impl.GeminiModeTest$SimulateMode

  .   ____          _            __ _ _
 /\\ / ___'_ __ _ _(_)_ __  __ _ \ \ \ \
( ( )\___ | '_ | '_| | '_ \/ _` | \ \ \ \
 \\/  ___)| |_)| | | | | || (_| |  ) ) ) )
  '  |____| .__|_| |_|_| |_\__, | / / / /
 =========|_|==============|___/=/_/_/_/

 :: Spring Boot ::                (v3.5.5)

2026-08-18T06:16:17.428+07:00  INFO 22036 --- [springboot-book-generate-images] [           main] c.h.s.s.i.GeminiModeTest$SimulateMode    : Starting GeminiModeTest.SimulateMode using Java 21.0.1 with PID 22036 (started by KHOI NGUYEN HOANG in D:\5_Programming_languages\16_Gradnfq\Project_Book_Generate_Images\springboot-book-generate-images)
2026-08-18T06:16:17.429+07:00  INFO 22036 --- [springboot-book-generate-images] [           main] c.h.s.s.i.GeminiModeTest$SimulateMode    : No active profile set, falling back to 1 default profile: "default"
2026-08-18T06:16:17.576+07:00  WARN 22036 --- [springboot-book-generate-images] [           main] c.h.s.service.impl.SimulateGeminiClient  : gemini.mode=simulate � no real Gemini calls. Text steps pause PT0.001S, images PT0.001S.
2026-08-18T06:16:17.666+07:00  INFO 22036 --- [springboot-book-generate-images] [           main] c.h.s.s.i.GeminiModeTest$SimulateMode    : Started GeminiModeTest.SimulateMode in 0.252 seconds (process running for 7.29)
[INFO] Tests run: 4, Failures: 0, Errors: 0, Skipped: 0, Time elapsed: 0.582 s -- in com.hoangkhoi.springboot_book_generate_images.service.impl.GeminiModeTest$SimulateMode
[INFO] Tests run: 0, Failures: 0, Errors: 0, Skipped: 0, Time elapsed: 0.583 s -- in com.hoangkhoi.springboot_book_generate_images.service.impl.GeminiModeTest
[INFO] Running com.hoangkhoi.springboot_book_generate_images.service.impl.LiveGeminiVerificationTest
[WARNING] Tests run: 4, Failures: 0, Errors: 0, Skipped: 4, Time elapsed: 0 s -- in com.hoangkhoi.springboot_book_generate_images.service.impl.LiveGeminiVerificationTest
[INFO] Running com.hoangkhoi.springboot_book_generate_images.service.impl.RestGeminiClientTest
[INFO] Running com.hoangkhoi.springboot_book_generate_images.service.impl.RestGeminiClientTest$Failures
2026-08-18T06:16:18.006+07:00  INFO 22036 --- [springboot-book-generate-images] [           main] c.h.s.service.impl.RestGeminiClient      : Gemini generate a style ? 226 bytes (continuing int-1)
2026-08-18T06:16:18.020+07:00  WARN 22036 --- [springboot-book-generate-images] [           main] c.h.s.service.impl.RestGeminiClient      : Gemini returned 429 trying to generate a style: rate limited
2026-08-18T06:16:18.024+07:00  INFO 22036 --- [springboot-book-generate-images] [           main] c.h.s.service.impl.RestGeminiClient      : Gemini generate a style ? 226 bytes (continuing int-1)
2026-08-18T06:16:18.027+07:00  INFO 22036 --- [springboot-book-generate-images] [           main] c.h.s.service.impl.RestGeminiClient      : Gemini generate a style ? 226 bytes (continuing int-1)
2026-08-18T06:16:18.028+07:00  WARN 22036 --- [springboot-book-generate-images] [           main] c.h.s.service.impl.RestGeminiClient      : Gemini returned 500 trying to generate a style: upstream exploded
[INFO] Tests run: 4, Failures: 0, Errors: 0, Skipped: 0, Time elapsed: 0.047 s -- in com.hoangkhoi.springboot_book_generate_images.service.impl.RestGeminiClientTest$Failures
[INFO] Running com.hoangkhoi.springboot_book_generate_images.service.impl.RestGeminiClientTest$Images
2026-08-18T06:16:18.035+07:00  INFO 22036 --- [springboot-book-generate-images] [           main] c.h.s.service.impl.RestGeminiClient      : Gemini generate an image ? 84 bytes (continuing img-1)
2026-08-18T06:16:18.043+07:00  INFO 22036 --- [springboot-book-generate-images] [           main] c.h.s.service.impl.RestGeminiClient      : Gemini start the illustration conversation ? 442 bytes
2026-08-18T06:16:18.047+07:00  INFO 22036 --- [springboot-book-generate-images] [           main] c.h.s.service.impl.RestGeminiClient      : Gemini generate an image ? 74 bytes (continuing img-1)
2026-08-18T06:16:18.050+07:00  INFO 22036 --- [springboot-book-generate-images] [           main] c.h.s.service.impl.RestGeminiClient      : Gemini generate an image ? 79 bytes (continuing int-1)
2026-08-18T06:16:18.053+07:00  INFO 22036 --- [springboot-book-generate-images] [           main] c.h.s.service.impl.RestGeminiClient      : Gemini generate an image ? 79 bytes (continuing img-1)
2026-08-18T06:16:18.054+07:00  WARN 22036 --- [springboot-book-generate-images] [           main] c.h.s.service.impl.RestGeminiClient      : Gemini returned 429 trying to generate an image: {"error":{"message":"quota exceeded"}}
[INFO] Tests run: 5, Failures: 0, Errors: 0, Skipped: 0, Time elapsed: 0.023 s -- in com.hoangkhoi.springboot_book_generate_images.service.impl.RestGeminiClientTest$Images
[INFO] Running com.hoangkhoi.springboot_book_generate_images.service.impl.RestGeminiClientTest$ReadingReplies
2026-08-18T06:16:18.057+07:00  INFO 22036 --- [springboot-book-generate-images] [           main] c.h.s.service.impl.RestGeminiClient      : Gemini generate characters ? 585 bytes (continuing int-1)
2026-08-18T06:16:18.060+07:00  INFO 22036 --- [springboot-book-generate-images] [           main] c.h.s.service.impl.RestGeminiClient      : Gemini generate a style ? 226 bytes (continuing int-1)
2026-08-18T06:16:18.063+07:00  INFO 22036 --- [springboot-book-generate-images] [           main] c.h.s.service.impl.RestGeminiClient      : Gemini generate chapter prompts ? 620 bytes (continuing int-1)
2026-08-18T06:16:18.067+07:00  INFO 22036 --- [springboot-book-generate-images] [           main] c.h.s.service.impl.RestGeminiClient      : Gemini generate a style ? 226 bytes (continuing int-1)
2026-08-18T06:16:18.070+07:00  INFO 22036 --- [springboot-book-generate-images] [           main] c.h.s.service.impl.RestGeminiClient      : Gemini generate characters ? 585 bytes (continuing int-1)
2026-08-18T06:16:18.074+07:00  INFO 22036 --- [springboot-book-generate-images] [           main] c.h.s.service.impl.RestGeminiClient      : Gemini generate characters ? 585 bytes (continuing int-1)
[INFO] Tests run: 6, Failures: 0, Errors: 0, Skipped: 0, Time elapsed: 0.020 s -- in com.hoangkhoi.springboot_book_generate_images.service.impl.RestGeminiClientTest$ReadingReplies
[INFO] Running com.hoangkhoi.springboot_book_generate_images.service.impl.RestGeminiClientTest$SendingTheBook
2026-08-18T06:16:18.080+07:00  INFO 22036 --- [springboot-book-generate-images] [           main] c.h.s.service.impl.RestGeminiClient      : Gemini upload the book ? 40 bytes (this is the only time the text is sent)
2026-08-18T06:16:18.081+07:00  INFO 22036 --- [springboot-book-generate-images] [           main] c.h.s.service.impl.RestGeminiClient      : Gemini send the book ? 218 bytes
2026-08-18T06:16:18.083+07:00  INFO 22036 --- [springboot-book-generate-images] [           main] c.h.s.service.impl.RestGeminiClient      : Gemini generate a style ? 228 bytes (continuing int-123)
2026-08-18T06:16:18.086+07:00  INFO 22036 --- [springboot-book-generate-images] [           main] c.h.s.service.impl.RestGeminiClient      : Gemini upload the book ? 4 bytes (this is the only time the text is sent)
2026-08-18T06:16:18.089+07:00  INFO 22036 --- [springboot-book-generate-images] [           main] c.h.s.service.impl.RestGeminiClient      : Gemini upload the book ? 4 bytes (this is the only time the text is sent)
2026-08-18T06:16:18.089+07:00  INFO 22036 --- [springboot-book-generate-images] [           main] c.h.s.service.impl.RestGeminiClient      : Gemini send the book ? 218 bytes
[INFO] Tests run: 4, Failures: 0, Errors: 0, Skipped: 0, Time elapsed: 0.014 s -- in com.hoangkhoi.springboot_book_generate_images.service.impl.RestGeminiClientTest$SendingTheBook
[INFO] Tests run: 0, Failures: 0, Errors: 0, Skipped: 0, Time elapsed: 0.109 s -- in com.hoangkhoi.springboot_book_generate_images.service.impl.RestGeminiClientTest
[INFO] Running com.hoangkhoi.springboot_book_generate_images.service.PipelineRulesTest
[INFO] Running com.hoangkhoi.springboot_book_generate_images.service.PipelineRulesTest$Caps
[INFO] Tests run: 3, Failures: 0, Errors: 0, Skipped: 0, Time elapsed: 0.003 s -- in com.hoangkhoi.springboot_book_generate_images.service.PipelineRulesTest$Caps
[INFO] Running com.hoangkhoi.springboot_book_generate_images.service.PipelineRulesTest$Staleness
[INFO] Tests run: 5, Failures: 0, Errors: 0, Skipped: 0, Time elapsed: 0.003 s -- in com.hoangkhoi.springboot_book_generate_images.service.PipelineRulesTest$Staleness
[INFO] Running com.hoangkhoi.springboot_book_generate_images.service.PipelineRulesTest$CheckRun
[INFO] Tests run: 7, Failures: 0, Errors: 0, Skipped: 0, Time elapsed: 0.004 s -- in com.hoangkhoi.springboot_book_generate_images.service.PipelineRulesTest$CheckRun
[INFO] Running com.hoangkhoi.springboot_book_generate_images.service.PipelineRulesTest$CurrentStep
[INFO] Tests run: 3, Failures: 0, Errors: 0, Skipped: 0, Time elapsed: 0.002 s -- in com.hoangkhoi.springboot_book_generate_images.service.PipelineRulesTest$CurrentStep
[INFO] Tests run: 0, Failures: 0, Errors: 0, Skipped: 0, Time elapsed: 0.015 s -- in com.hoangkhoi.springboot_book_generate_images.service.PipelineRulesTest
[INFO] Running com.hoangkhoi.springboot_book_generate_images.service.PipelineServiceTest
2026-08-18T06:16:18.314+07:00  WARN 22036 --- [springboot-book-generate-images] [           main] c.h.s.service.PipelineService            : Step CHARACTERS failed for project 170f2343

java.lang.IllegalStateException: Gemini returned 503
	at com.hoangkhoi.springboot_book_generate_images.service.PipelineServiceTest.aFailedStepKeepsEarlierResultsAndCanBeRetried(PipelineServiceTest.java:175) ~[test-classes/:na]
	at java.base/jdk.internal.reflect.DirectMethodHandleAccessor.invoke(DirectMethodHandleAccessor.java:103) ~[na:na]
	at java.base/java.lang.reflect.Method.invoke(Method.java:580) ~[na:na]
	at org.junit.platform.commons.util.ReflectionUtils.invokeMethod(ReflectionUtils.java:775) ~[junit-platform-commons-1.12.2.jar:1.12.2]
	at org.junit.platform.commons.support.ReflectionSupport.invokeMethod(ReflectionSupport.java:479) ~[junit-platform-commons-1.12.2.jar:1.12.2]
	at org.junit.jupiter.engine.execution.MethodInvocation.proceed(MethodInvocation.java:60) ~[junit-jupiter-engine-5.12.2.jar:5.12.2]
	at org.junit.jupiter.engine.execution.InvocationInterceptorChain$ValidatingInvocation.proceed(InvocationInterceptorChain.java:131) ~[junit-jupiter-engine-5.12.2.jar:5.12.2]
	at org.junit.jupiter.engine.extension.TimeoutExtension.intercept(TimeoutExtension.java:161) ~[junit-jupiter-engine-5.12.2.jar:5.12.2]
	at org.junit.jupiter.engine.extension.TimeoutExtension.interceptTestableMethod(TimeoutExtension.java:152) ~[junit-jupiter-engine-5.12.2.jar:5.12.2]
	at org.junit.jupiter.engine.extension.TimeoutExtension.interceptTestMethod(TimeoutExtension.java:91) ~[junit-jupiter-engine-5.12.2.jar:5.12.2]
	at org.junit.jupiter.engine.execution.InterceptingExecutableInvoker$ReflectiveInterceptorCall.lambda$ofVoidMethod$0(InterceptingExecutableInvoker.java:112) ~[junit-jupiter-engine-5.12.2.jar:5.12.2]
	at org.junit.jupiter.engine.execution.InterceptingExecutableInvoker.lambda$invoke$0(InterceptingExecutableInvoker.java:94) ~[junit-jupiter-engine-5.12.2.jar:5.12.2]
	at org.junit.jupiter.engine.execution.InvocationInterceptorChain$InterceptedInvocation.proceed(InvocationInterceptorChain.java:106) ~[junit-jupiter-engine-5.12.2.jar:5.12.2]
	at org.junit.jupiter.engine.execution.InvocationInterceptorChain.proceed(InvocationInterceptorChain.java:64) ~[junit-jupiter-engine-5.12.2.jar:5.12.2]
	at org.junit.jupiter.engine.execution.InvocationInterceptorChain.chainAndInvoke(InvocationInterceptorChain.java:45) ~[junit-jupiter-engine-5.12.2.jar:5.12.2]
	at org.junit.jupiter.engine.execution.InvocationInterceptorChain.invoke(InvocationInterceptorChain.java:37) ~[junit-jupiter-engine-5.12.2.jar:5.12.2]
	at org.junit.jupiter.engine.execution.InterceptingExecutableInvoker.invoke(InterceptingExecutableInvoker.java:93) ~[junit-jupiter-engine-5.12.2.jar:5.12.2]
	at org.junit.jupiter.engine.execution.InterceptingExecutableInvoker.invoke(InterceptingExecutableInvoker.java:87) ~[junit-jupiter-engine-5.12.2.jar:5.12.2]
	at org.junit.jupiter.engine.descriptor.TestMethodTestDescriptor.lambda$invokeTestMethod$7(TestMethodTestDescriptor.java:216) ~[junit-jupiter-engine-5.12.2.jar:5.12.2]
	at org.junit.platform.engine.support.hierarchical.ThrowableCollector.execute(ThrowableCollector.java:73) ~[junit-platform-engine-1.12.2.jar:1.12.2]
	at org.junit.jupiter.engine.descriptor.TestMethodTestDescriptor.invokeTestMethod(TestMethodTestDescriptor.java:212) ~[junit-jupiter-engine-5.12.2.jar:5.12.2]
	at org.junit.jupiter.engine.descriptor.TestMethodTestDescriptor.execute(TestMethodTestDescriptor.java:137) ~[junit-jupiter-engine-5.12.2.jar:5.12.2]
	at org.junit.jupiter.engine.descriptor.TestMethodTestDescriptor.execute(TestMethodTestDescriptor.java:69) ~[junit-jupiter-engine-5.12.2.jar:5.12.2]
	at org.junit.platform.engine.support.hierarchical.NodeTestTask.lambda$executeRecursively$6(NodeTestTask.java:156) ~[junit-platform-engine-1.12.2.jar:1.12.2]
	at org.junit.platform.engine.support.hierarchical.ThrowableCollector.execute(ThrowableCollector.java:73) ~[junit-platform-engine-1.12.2.jar:1.12.2]
	at org.junit.platform.engine.support.hierarchical.NodeTestTask.lambda$executeRecursively$8(NodeTestTask.java:146) ~[junit-platform-engine-1.12.2.jar:1.12.2]
	at org.junit.platform.engine.support.hierarchical.Node.around(Node.java:137) ~[junit-platform-engine-1.12.2.jar:1.12.2]
	at org.junit.platform.engine.support.hierarchical.NodeTestTask.lambda$executeRecursively$9(NodeTestTask.java:144) ~[junit-platform-engine-1.12.2.jar:1.12.2]
	at org.junit.platform.engine.support.hierarchical.ThrowableCollector.execute(ThrowableCollector.java:73) ~[junit-platform-engine-1.12.2.jar:1.12.2]
	at org.junit.platform.engine.support.hierarchical.NodeTestTask.executeRecursively(NodeTestTask.java:143) ~[junit-platform-engine-1.12.2.jar:1.12.2]
	at org.junit.platform.engine.support.hierarchical.NodeTestTask.execute(NodeTestTask.java:100) ~[junit-platform-engine-1.12.2.jar:1.12.2]
	at java.base/java.util.ArrayList.forEach(ArrayList.java:1596) ~[na:na]
	at org.junit.platform.engine.support.hierarchical.SameThreadHierarchicalTestExecutorService.invokeAll(SameThreadHierarchicalTestExecutorService.java:41) ~[junit-platform-engine-1.12.2.jar:1.12.2]
	at org.junit.platform.engine.support.hierarchical.NodeTestTask.lambda$executeRecursively$6(NodeTestTask.java:160) ~[junit-platform-engine-1.12.2.jar:1.12.2]
	at org.junit.platform.engine.support.hierarchical.ThrowableCollector.execute(ThrowableCollector.java:73) ~[junit-platform-engine-1.12.2.jar:1.12.2]
	at org.junit.platform.engine.support.hierarchical.NodeTestTask.lambda$executeRecursively$8(NodeTestTask.java:146) ~[junit-platform-engine-1.12.2.jar:1.12.2]
	at org.junit.platform.engine.support.hierarchical.Node.around(Node.java:137) ~[junit-platform-engine-1.12.2.jar:1.12.2]
	at org.junit.platform.engine.support.hierarchical.NodeTestTask.lambda$executeRecursively$9(NodeTestTask.java:144) ~[junit-platform-engine-1.12.2.jar:1.12.2]
	at org.junit.platform.engine.support.hierarchical.ThrowableCollector.execute(ThrowableCollector.java:73) ~[junit-platform-engine-1.12.2.jar:1.12.2]
	at org.junit.platform.engine.support.hierarchical.NodeTestTask.executeRecursively(NodeTestTask.java:143) ~[junit-platform-engine-1.12.2.jar:1.12.2]
	at org.junit.platform.engine.support.hierarchical.NodeTestTask.execute(NodeTestTask.java:100) ~[junit-platform-engine-1.12.2.jar:1.12.2]
	at java.base/java.util.ArrayList.forEach(ArrayList.java:1596) ~[na:na]
	at org.junit.platform.engine.support.hierarchical.SameThreadHierarchicalTestExecutorService.invokeAll(SameThreadHierarchicalTestExecutorService.java:41) ~[junit-platform-engine-1.12.2.jar:1.12.2]
	at org.junit.platform.engine.support.hierarchical.NodeTestTask.lambda$executeRecursively$6(NodeTestTask.java:160) ~[junit-platform-engine-1.12.2.jar:1.12.2]
	at org.junit.platform.engine.support.hierarchical.ThrowableCollector.execute(ThrowableCollector.java:73) ~[junit-platform-engine-1.12.2.jar:1.12.2]
	at org.junit.platform.engine.support.hierarchical.NodeTestTask.lambda$executeRecursively$8(NodeTestTask.java:146) ~[junit-platform-engine-1.12.2.jar:1.12.2]
	at org.junit.platform.engine.support.hierarchical.Node.around(Node.java:137) ~[junit-platform-engine-1.12.2.jar:1.12.2]
	at org.junit.platform.engine.support.hierarchical.NodeTestTask.lambda$executeRecursively$9(NodeTestTask.java:144) ~[junit-platform-engine-1.12.2.jar:1.12.2]
	at org.junit.platform.engine.support.hierarchical.ThrowableCollector.execute(ThrowableCollector.java:73) ~[junit-platform-engine-1.12.2.jar:1.12.2]
	at org.junit.platform.engine.support.hierarchical.NodeTestTask.executeRecursively(NodeTestTask.java:143) ~[junit-platform-engine-1.12.2.jar:1.12.2]
	at org.junit.platform.engine.support.hierarchical.NodeTestTask.execute(NodeTestTask.java:100) ~[junit-platform-engine-1.12.2.jar:1.12.2]
	at org.junit.platform.engine.support.hierarchical.SameThreadHierarchicalTestExecutorService.submit(SameThreadHierarchicalTestExecutorService.java:35) ~[junit-platform-engine-1.12.2.jar:1.12.2]
	at org.junit.platform.engine.support.hierarchical.HierarchicalTestExecutor.execute(HierarchicalTestExecutor.java:57) ~[junit-platform-engine-1.12.2.jar:1.12.2]
	at org.junit.platform.engine.support.hierarchical.HierarchicalTestEngine.execute(HierarchicalTestEngine.java:54) ~[junit-platform-engine-1.12.2.jar:1.12.2]
	at org.junit.platform.launcher.core.EngineExecutionOrchestrator.execute(EngineExecutionOrchestrator.java:201) ~[junit-platform-launcher-1.12.2.jar:1.12.2]
	at org.junit.platform.launcher.core.EngineExecutionOrchestrator.execute(EngineExecutionOrchestrator.java:170) ~[junit-platform-launcher-1.12.2.jar:1.12.2]
	at org.junit.platform.launcher.core.EngineExecutionOrchestrator.execute(EngineExecutionOrchestrator.java:94) ~[junit-platform-launcher-1.12.2.jar:1.12.2]
	at org.junit.platform.launcher.core.EngineExecutionOrchestrator.lambda$execute$0(EngineExecutionOrchestrator.java:59) ~[junit-platform-launcher-1.12.2.jar:1.12.2]
	at org.junit.platform.launcher.core.EngineExecutionOrchestrator.withInterceptedStreams(EngineExecutionOrchestrator.java:142) ~[junit-platform-launcher-1.12.2.jar:1.12.2]
	at org.junit.platform.launcher.core.EngineExecutionOrchestrator.execute(EngineExecutionOrchestrator.java:58) ~[junit-platform-launcher-1.12.2.jar:1.12.2]
	at org.junit.platform.launcher.core.DefaultLauncher.execute(DefaultLauncher.java:103) ~[junit-platform-launcher-1.12.2.jar:1.12.2]
	at org.junit.platform.launcher.core.DefaultLauncher.execute(DefaultLauncher.java:85) ~[junit-platform-launcher-1.12.2.jar:1.12.2]
	at org.junit.platform.launcher.core.DelegatingLauncher.execute(DelegatingLauncher.java:47) ~[junit-platform-launcher-1.12.2.jar:1.12.2]
	at org.junit.platform.launcher.core.InterceptingLauncher.lambda$execute$1(InterceptingLauncher.java:39) ~[junit-platform-launcher-1.12.2.jar:1.12.2]
	at org.junit.platform.launcher.core.ClasspathAlignmentCheckingLauncherInterceptor.intercept(ClasspathAlignmentCheckingLauncherInterceptor.java:25) ~[junit-platform-launcher-1.12.2.jar:1.12.2]
	at org.junit.platform.launcher.core.InterceptingLauncher.execute(InterceptingLauncher.java:38) ~[junit-platform-launcher-1.12.2.jar:1.12.2]
	at org.junit.platform.launcher.core.DelegatingLauncher.execute(DelegatingLauncher.java:47) ~[junit-platform-launcher-1.12.2.jar:1.12.2]
	at org.apache.maven.surefire.junitplatform.LazyLauncher.execute(LazyLauncher.java:56) ~[surefire-junit-platform-3.5.3.jar:3.5.3]
	at org.apache.maven.surefire.junitplatform.JUnitPlatformProvider.execute(JUnitPlatformProvider.java:194) ~[surefire-junit-platform-3.5.3.jar:3.5.3]
	at org.apache.maven.surefire.junitplatform.JUnitPlatformProvider.invokeAllTests(JUnitPlatformProvider.java:150) ~[surefire-junit-platform-3.5.3.jar:3.5.3]
	at org.apache.maven.surefire.junitplatform.JUnitPlatformProvider.invoke(JUnitPlatformProvider.java:124) ~[surefire-junit-platform-3.5.3.jar:3.5.3]
	at org.apache.maven.surefire.booter.ForkedBooter.runSuitesInProcess(ForkedBooter.java:385) ~[surefire-booter-3.5.3.jar:3.5.3]
	at org.apache.maven.surefire.booter.ForkedBooter.execute(ForkedBooter.java:162) ~[surefire-booter-3.5.3.jar:3.5.3]
	at org.apache.maven.surefire.booter.ForkedBooter.run(ForkedBooter.java:507) ~[surefire-booter-3.5.3.jar:3.5.3]
	at org.apache.maven.surefire.booter.ForkedBooter.main(ForkedBooter.java:495) ~[surefire-booter-3.5.3.jar:3.5.3]

2026-08-18T06:16:18.805+07:00  WARN 22036 --- [springboot-book-generate-images] [           main] c.h.s.service.PipelineService            : Step PORTRAITS failed for project ead6ed31

java.lang.IllegalStateException: safety filter
	at com.hoangkhoi.springboot_book_generate_images.service.PipelineServiceTest.retryingPortraitsOnlyRedrawsTheOneThatFailed(PipelineServiceTest.java:196) ~[test-classes/:na]
	at java.base/jdk.internal.reflect.DirectMethodHandleAccessor.invoke(DirectMethodHandleAccessor.java:103) ~[na:na]
	at java.base/java.lang.reflect.Method.invoke(Method.java:580) ~[na:na]
	at org.junit.platform.commons.util.ReflectionUtils.invokeMethod(ReflectionUtils.java:775) ~[junit-platform-commons-1.12.2.jar:1.12.2]
	at org.junit.platform.commons.support.ReflectionSupport.invokeMethod(ReflectionSupport.java:479) ~[junit-platform-commons-1.12.2.jar:1.12.2]
	at org.junit.jupiter.engine.execution.MethodInvocation.proceed(MethodInvocation.java:60) ~[junit-jupiter-engine-5.12.2.jar:5.12.2]
	at org.junit.jupiter.engine.execution.InvocationInterceptorChain$ValidatingInvocation.proceed(InvocationInterceptorChain.java:131) ~[junit-jupiter-engine-5.12.2.jar:5.12.2]
	at org.junit.jupiter.engine.extension.TimeoutExtension.intercept(TimeoutExtension.java:161) ~[junit-jupiter-engine-5.12.2.jar:5.12.2]
	at org.junit.jupiter.engine.extension.TimeoutExtension.interceptTestableMethod(TimeoutExtension.java:152) ~[junit-jupiter-engine-5.12.2.jar:5.12.2]
	at org.junit.jupiter.engine.extension.TimeoutExtension.interceptTestMethod(TimeoutExtension.java:91) ~[junit-jupiter-engine-5.12.2.jar:5.12.2]
	at org.junit.jupiter.engine.execution.InterceptingExecutableInvoker$ReflectiveInterceptorCall.lambda$ofVoidMethod$0(InterceptingExecutableInvoker.java:112) ~[junit-jupiter-engine-5.12.2.jar:5.12.2]
	at org.junit.jupiter.engine.execution.InterceptingExecutableInvoker.lambda$invoke$0(InterceptingExecutableInvoker.java:94) ~[junit-jupiter-engine-5.12.2.jar:5.12.2]
	at org.junit.jupiter.engine.execution.InvocationInterceptorChain$InterceptedInvocation.proceed(InvocationInterceptorChain.java:106) ~[junit-jupiter-engine-5.12.2.jar:5.12.2]
	at org.junit.jupiter.engine.execution.InvocationInterceptorChain.proceed(InvocationInterceptorChain.java:64) ~[junit-jupiter-engine-5.12.2.jar:5.12.2]
	at org.junit.jupiter.engine.execution.InvocationInterceptorChain.chainAndInvoke(InvocationInterceptorChain.java:45) ~[junit-jupiter-engine-5.12.2.jar:5.12.2]
	at org.junit.jupiter.engine.execution.InvocationInterceptorChain.invoke(InvocationInterceptorChain.java:37) ~[junit-jupiter-engine-5.12.2.jar:5.12.2]
	at org.junit.jupiter.engine.execution.InterceptingExecutableInvoker.invoke(InterceptingExecutableInvoker.java:93) ~[junit-jupiter-engine-5.12.2.jar:5.12.2]
	at org.junit.jupiter.engine.execution.InterceptingExecutableInvoker.invoke(InterceptingExecutableInvoker.java:87) ~[junit-jupiter-engine-5.12.2.jar:5.12.2]
	at org.junit.jupiter.engine.descriptor.TestMethodTestDescriptor.lambda$invokeTestMethod$7(TestMethodTestDescriptor.java:216) ~[junit-jupiter-engine-5.12.2.jar:5.12.2]
	at org.junit.platform.engine.support.hierarchical.ThrowableCollector.execute(ThrowableCollector.java:73) ~[junit-platform-engine-1.12.2.jar:1.12.2]
	at org.junit.jupiter.engine.descriptor.TestMethodTestDescriptor.invokeTestMethod(TestMethodTestDescriptor.java:212) ~[junit-jupiter-engine-5.12.2.jar:5.12.2]
	at org.junit.jupiter.engine.descriptor.TestMethodTestDescriptor.execute(TestMethodTestDescriptor.java:137) ~[junit-jupiter-engine-5.12.2.jar:5.12.2]
	at org.junit.jupiter.engine.descriptor.TestMethodTestDescriptor.execute(TestMethodTestDescriptor.java:69) ~[junit-jupiter-engine-5.12.2.jar:5.12.2]
	at org.junit.platform.engine.support.hierarchical.NodeTestTask.lambda$executeRecursively$6(NodeTestTask.java:156) ~[junit-platform-engine-1.12.2.jar:1.12.2]
	at org.junit.platform.engine.support.hierarchical.ThrowableCollector.execute(ThrowableCollector.java:73) ~[junit-platform-engine-1.12.2.jar:1.12.2]
	at org.junit.platform.engine.support.hierarchical.NodeTestTask.lambda$executeRecursively$8(NodeTestTask.java:146) ~[junit-platform-engine-1.12.2.jar:1.12.2]
	at org.junit.platform.engine.support.hierarchical.Node.around(Node.java:137) ~[junit-platform-engine-1.12.2.jar:1.12.2]
	at org.junit.platform.engine.support.hierarchical.NodeTestTask.lambda$executeRecursively$9(NodeTestTask.java:144) ~[junit-platform-engine-1.12.2.jar:1.12.2]
	at org.junit.platform.engine.support.hierarchical.ThrowableCollector.execute(ThrowableCollector.java:73) ~[junit-platform-engine-1.12.2.jar:1.12.2]
	at org.junit.platform.engine.support.hierarchical.NodeTestTask.executeRecursively(NodeTestTask.java:143) ~[junit-platform-engine-1.12.2.jar:1.12.2]
	at org.junit.platform.engine.support.hierarchical.NodeTestTask.execute(NodeTestTask.java:100) ~[junit-platform-engine-1.12.2.jar:1.12.2]
	at java.base/java.util.ArrayList.forEach(ArrayList.java:1596) ~[na:na]
	at org.junit.platform.engine.support.hierarchical.SameThreadHierarchicalTestExecutorService.invokeAll(SameThreadHierarchicalTestExecutorService.java:41) ~[junit-platform-engine-1.12.2.jar:1.12.2]
	at org.junit.platform.engine.support.hierarchical.NodeTestTask.lambda$executeRecursively$6(NodeTestTask.java:160) ~[junit-platform-engine-1.12.2.jar:1.12.2]
	at org.junit.platform.engine.support.hierarchical.ThrowableCollector.execute(ThrowableCollector.java:73) ~[junit-platform-engine-1.12.2.jar:1.12.2]
	at org.junit.platform.engine.support.hierarchical.NodeTestTask.lambda$executeRecursively$8(NodeTestTask.java:146) ~[junit-platform-engine-1.12.2.jar:1.12.2]
	at org.junit.platform.engine.support.hierarchical.Node.around(Node.java:137) ~[junit-platform-engine-1.12.2.jar:1.12.2]
	at org.junit.platform.engine.support.hierarchical.NodeTestTask.lambda$executeRecursively$9(NodeTestTask.java:144) ~[junit-platform-engine-1.12.2.jar:1.12.2]
	at org.junit.platform.engine.support.hierarchical.ThrowableCollector.execute(ThrowableCollector.java:73) ~[junit-platform-engine-1.12.2.jar:1.12.2]
	at org.junit.platform.engine.support.hierarchical.NodeTestTask.executeRecursively(NodeTestTask.java:143) ~[junit-platform-engine-1.12.2.jar:1.12.2]
	at org.junit.platform.engine.support.hierarchical.NodeTestTask.execute(NodeTestTask.java:100) ~[junit-platform-engine-1.12.2.jar:1.12.2]
	at java.base/java.util.ArrayList.forEach(ArrayList.java:1596) ~[na:na]
	at org.junit.platform.engine.support.hierarchical.SameThreadHierarchicalTestExecutorService.invokeAll(SameThreadHierarchicalTestExecutorService.java:41) ~[junit-platform-engine-1.12.2.jar:1.12.2]
	at org.junit.platform.engine.support.hierarchical.NodeTestTask.lambda$executeRecursively$6(NodeTestTask.java:160) ~[junit-platform-engine-1.12.2.jar:1.12.2]
	at org.junit.platform.engine.support.hierarchical.ThrowableCollector.execute(ThrowableCollector.java:73) ~[junit-platform-engine-1.12.2.jar:1.12.2]
	at org.junit.platform.engine.support.hierarchical.NodeTestTask.lambda$executeRecursively$8(NodeTestTask.java:146) ~[junit-platform-engine-1.12.2.jar:1.12.2]
	at org.junit.platform.engine.support.hierarchical.Node.around(Node.java:137) ~[junit-platform-engine-1.12.2.jar:1.12.2]
	at org.junit.platform.engine.support.hierarchical.NodeTestTask.lambda$executeRecursively$9(NodeTestTask.java:144) ~[junit-platform-engine-1.12.2.jar:1.12.2]
	at org.junit.platform.engine.support.hierarchical.ThrowableCollector.execute(ThrowableCollector.java:73) ~[junit-platform-engine-1.12.2.jar:1.12.2]
	at org.junit.platform.engine.support.hierarchical.NodeTestTask.executeRecursively(NodeTestTask.java:143) ~[junit-platform-engine-1.12.2.jar:1.12.2]
	at org.junit.platform.engine.support.hierarchical.NodeTestTask.execute(NodeTestTask.java:100) ~[junit-platform-engine-1.12.2.jar:1.12.2]
	at org.junit.platform.engine.support.hierarchical.SameThreadHierarchicalTestExecutorService.submit(SameThreadHierarchicalTestExecutorService.java:35) ~[junit-platform-engine-1.12.2.jar:1.12.2]
	at org.junit.platform.engine.support.hierarchical.HierarchicalTestExecutor.execute(HierarchicalTestExecutor.java:57) ~[junit-platform-engine-1.12.2.jar:1.12.2]
	at org.junit.platform.engine.support.hierarchical.HierarchicalTestEngine.execute(HierarchicalTestEngine.java:54) ~[junit-platform-engine-1.12.2.jar:1.12.2]
	at org.junit.platform.launcher.core.EngineExecutionOrchestrator.execute(EngineExecutionOrchestrator.java:201) ~[junit-platform-launcher-1.12.2.jar:1.12.2]
	at org.junit.platform.launcher.core.EngineExecutionOrchestrator.execute(EngineExecutionOrchestrator.java:170) ~[junit-platform-launcher-1.12.2.jar:1.12.2]
	at org.junit.platform.launcher.core.EngineExecutionOrchestrator.execute(EngineExecutionOrchestrator.java:94) ~[junit-platform-launcher-1.12.2.jar:1.12.2]
	at org.junit.platform.launcher.core.EngineExecutionOrchestrator.lambda$execute$0(EngineExecutionOrchestrator.java:59) ~[junit-platform-launcher-1.12.2.jar:1.12.2]
	at org.junit.platform.launcher.core.EngineExecutionOrchestrator.withInterceptedStreams(EngineExecutionOrchestrator.java:142) ~[junit-platform-launcher-1.12.2.jar:1.12.2]
	at org.junit.platform.launcher.core.EngineExecutionOrchestrator.execute(EngineExecutionOrchestrator.java:58) ~[junit-platform-launcher-1.12.2.jar:1.12.2]
	at org.junit.platform.launcher.core.DefaultLauncher.execute(DefaultLauncher.java:103) ~[junit-platform-launcher-1.12.2.jar:1.12.2]
	at org.junit.platform.launcher.core.DefaultLauncher.execute(DefaultLauncher.java:85) ~[junit-platform-launcher-1.12.2.jar:1.12.2]
	at org.junit.platform.launcher.core.DelegatingLauncher.execute(DelegatingLauncher.java:47) ~[junit-platform-launcher-1.12.2.jar:1.12.2]
	at org.junit.platform.launcher.core.InterceptingLauncher.lambda$execute$1(InterceptingLauncher.java:39) ~[junit-platform-launcher-1.12.2.jar:1.12.2]
	at org.junit.platform.launcher.core.ClasspathAlignmentCheckingLauncherInterceptor.intercept(ClasspathAlignmentCheckingLauncherInterceptor.java:25) ~[junit-platform-launcher-1.12.2.jar:1.12.2]
	at org.junit.platform.launcher.core.InterceptingLauncher.execute(InterceptingLauncher.java:38) ~[junit-platform-launcher-1.12.2.jar:1.12.2]
	at org.junit.platform.launcher.core.DelegatingLauncher.execute(DelegatingLauncher.java:47) ~[junit-platform-launcher-1.12.2.jar:1.12.2]
	at org.apache.maven.surefire.junitplatform.LazyLauncher.execute(LazyLauncher.java:56) ~[surefire-junit-platform-3.5.3.jar:3.5.3]
	at org.apache.maven.surefire.junitplatform.JUnitPlatformProvider.execute(JUnitPlatformProvider.java:194) ~[surefire-junit-platform-3.5.3.jar:3.5.3]
	at org.apache.maven.surefire.junitplatform.JUnitPlatformProvider.invokeAllTests(JUnitPlatformProvider.java:150) ~[surefire-junit-platform-3.5.3.jar:3.5.3]
	at org.apache.maven.surefire.junitplatform.JUnitPlatformProvider.invoke(JUnitPlatformProvider.java:124) ~[surefire-junit-platform-3.5.3.jar:3.5.3]
	at org.apache.maven.surefire.booter.ForkedBooter.runSuitesInProcess(ForkedBooter.java:385) ~[surefire-booter-3.5.3.jar:3.5.3]
	at org.apache.maven.surefire.booter.ForkedBooter.execute(ForkedBooter.java:162) ~[surefire-booter-3.5.3.jar:3.5.3]
	at org.apache.maven.surefire.booter.ForkedBooter.run(ForkedBooter.java:507) ~[surefire-booter-3.5.3.jar:3.5.3]
	at org.apache.maven.surefire.booter.ForkedBooter.main(ForkedBooter.java:495) ~[surefire-booter-3.5.3.jar:3.5.3]

[INFO] Tests run: 18, Failures: 0, Errors: 0, Skipped: 0, Time elapsed: 1.264 s -- in com.hoangkhoi.springboot_book_generate_images.service.PipelineServiceTest
[INFO] Running com.hoangkhoi.springboot_book_generate_images.SpringbootBookGenerateImagesApplicationTests
2026-08-18T06:16:19.375+07:00  INFO 22036 --- [springboot-book-generate-images] [           main] t.c.s.AnnotationConfigContextLoaderUtils : Could not detect default configuration classes for test class [com.hoangkhoi.springboot_book_generate_images.SpringbootBookGenerateImagesApplicationTests]: SpringbootBookGenerateImagesApplicationTests does not declare any static, non-private, non-final, nested classes annotated with @Configuration.
2026-08-18T06:16:19.376+07:00  INFO 22036 --- [springboot-book-generate-images] [           main] .b.t.c.SpringBootTestContextBootstrapper : Found @SpringBootConfiguration com.hoangkhoi.springboot_book_generate_images.SpringbootBookGenerateImagesApplication for test class com.hoangkhoi.springboot_book_generate_images.SpringbootBookGenerateImagesApplicationTests

  .   ____          _            __ _ _
 /\\ / ___'_ __ _ _(_)_ __  __ _ \ \ \ \
( ( )\___ | '_ | '_| | '_ \/ _` | \ \ \ \
 \\/  ___)| |_)| | | | | || (_| |  ) ) ) )
  '  |____| .__|_| |_|_| |_\__, | / / / /
 =========|_|==============|___/=/_/_/_/

 :: Spring Boot ::                (v3.5.5)

2026-08-18T06:16:19.391+07:00  INFO 22036 --- [springboot-book-generate-images] [           main] ngbootBookGenerateImagesApplicationTests : Starting SpringbootBookGenerateImagesApplicationTests using Java 21.0.1 with PID 22036 (started by KHOI NGUYEN HOANG in D:\5_Programming_languages\16_Gradnfq\Project_Book_Generate_Images\springboot-book-generate-images)
2026-08-18T06:16:19.391+07:00  INFO 22036 --- [springboot-book-generate-images] [           main] ngbootBookGenerateImagesApplicationTests : No active profile set, falling back to 1 default profile: "default"
2026-08-18T06:16:19.505+07:00  WARN 22036 --- [springboot-book-generate-images] [           main] c.h.s.service.impl.SimulateGeminiClient  : gemini.mode=simulate � no real Gemini calls. Text steps pause PT3S, images PT15S.
2026-08-18T06:16:19.580+07:00  INFO 22036 --- [springboot-book-generate-images] [           main] ngbootBookGenerateImagesApplicationTests : Started SpringbootBookGenerateImagesApplicationTests in 0.201 seconds (process running for 9.204)
[INFO] Tests run: 1, Failures: 0, Errors: 0, Skipped: 0, Time elapsed: 0.214 s -- in com.hoangkhoi.springboot_book_generate_images.SpringbootBookGenerateImagesApplicationTests
[INFO] 
[INFO] Results:
[INFO] 
[WARNING] Tests run: 130, Failures: 0, Errors: 0, Skipped: 4
[INFO] 
[INFO] ------------------------------------------------------------------------
[INFO] BUILD SUCCESS
[INFO] ------------------------------------------------------------------------
[INFO] Total time:  11.130 s
[INFO] Finished at: 2026-08-18T06:16:19+07:00
[INFO] ------------------------------------------------------------------------
=============================================================
FRONTEND — Vitest + React Testing Library
=============================================================

> book-illustration-studio-frontend@0.1.0 test
> vitest run


[1m[7m[36m RUN [39m[27m[22m [36mv2.1.9 [39m[90mD:/5_Programming_languages/16_Gradnfq/Project_Book_Generate_Images/springboot-book-generate-images/frontend[39m

[90mstderr[2m | src/pages/ProjectListPage.test.tsx[2m > [22m[2mProjectListPage[2m > [22m[2minvites the user to start one when they have none
[22m[39m⚠️ React Router Future Flag Warning: React Router will begin wrapping state updates in `React.startTransition` in v7. You can use the `v7_startTransition` future flag to opt-in early. For more information, see https://reactrouter.com/v6/upgrading/future#v7_starttransition.
⚠️ React Router Future Flag Warning: Relative route resolution within Splat routes is changing in v7. You can use the `v7_relativeSplatPath` future flag to opt-in early. For more information, see https://reactrouter.com/v6/upgrading/future#v7_relativesplatpath.

 [32m✓[39m src/components/EntityCard.test.tsx [2m([22m[2m5 tests[22m[2m)[22m[90m 83[2mms[22m[39m
 [32m✓[39m src/pages/ProjectListPage.test.tsx [2m([22m[2m4 tests[22m[2m)[22m[90m 99[2mms[22m[39m
 [32m✓[39m src/hooks/useProject.test.tsx [2m([22m[2m4 tests[22m[2m)[22m[33m 333[2mms[22m[39m
 [32m✓[39m src/components/StepPanel.test.tsx [2m([22m[2m8 tests[22m[2m)[22m[33m 626[2mms[22m[39m
   [33m[2m✓[22m[39m StepPanel[2m > [22moffers the current step and an optional style on step one [33m450[2mms[22m[39m

[2m Test Files [22m [1m[32m4 passed[39m[22m[90m (4)[39m
[2m      Tests [22m [1m[32m21 passed[39m[22m[90m (21)[39m
[2m   Start at [22m 06:16:20
[2m   Duration [22m 2.42s[2m (transform 310ms, setup 662ms, collect 1.10s, tests 1.14s, environment 3.41s, prepare 689ms)[22m


backend exit=0  frontend exit=0
